// Jest Snapshot v1, https://goo.gl/fbAQLP

exports[`<AddPassword/> renders without crashing snapshot 1`] = `
<div
  className="container"
>
  <h3>
    Edit data password for 
  </h3>
  <form>
    <div
      className="form-group"
    >
      <label>
        URL
      </label>
      <input
        className="form-control"
        name="editUrl"
        onChange={[Function]}
        type="text"
        value=""
      />
    </div>
    <div
      className="form-group"
    >
      <label>
        Username
      </label>
      <input
        className="form-control"
        name="editUsername"
        onChange={[Function]}
        type="text"
        value=""
      />
    </div>
    <div
      className="form-group"
    >
      <label>
        Password
      </label>
      <input
        className="form-control"
        name="editPassword"
        onChange={[Function]}
        type="password"
        value=""
      />
    </div>
    <button
      className="btn btn-primary disabled"
      onClick={[Function]}
      type="button"
    >
      Submit
    </button>
  </form>
  <div
    style={
      Object {
        "marginTop": "10px",
      }
    }
  >
    <h4>
      Password requirements: 
    </h4>
    <ul
      className="text-left"
      style={
        Object {
          "listStyle": "none",
        }
      }
    >
      <li
        className="alert alert-dismissible alert-danger"
      >
         
        [ X ]
         At least 
        <strong>
          one lowercase
        </strong>
      </li>
      <li
        className="alert alert-dismissible alert-danger"
      >
         
        [ X ]
         At least 
        <strong>
          one capital
        </strong>
      </li>
      <li
        className="alert alert-dismissible alert-danger"
      >
         
        [ X ]
         At least 
        <strong>
          one number
        </strong>
      </li>
      <li
        className="alert alert-dismissible alert-danger"
      >
         
        [ X ]
         Minimum 
        <strong>
          6 characters
        </strong>
      </li>
      <li
        className="alert alert-dismissible alert-danger"
      >
         
        [ X ]
         At least 
        <strong>
          Use one symbol
        </strong>
      </li>
    </ul>
  </div>
</div>
`;
